// Validating benchmarks:
// ***** BenchmarkRunner: Start   *****
// ***** Found 7 benchmark(s) in total *****
// ***** Building 1 exe(s) in Parallel: Start   *****
// start dotnet  restore --nodeReuse:false /p:UseSharedCompilation=false /p:Deterministic=true /p:Optimize=true /p:ArtifactsPath="/Users/personberg/Code/zeta/benchmarks/Zeta.Benchmarks/bin/Release/net10.0/Zeta.Benchmarks-ShortRun-1/" /p:OutDir="/Users/personberg/Code/zeta/benchmarks/Zeta.Benchmarks/bin/Release/net10.0/Zeta.Benchmarks-ShortRun-1/bin/Release/net10.0/" /p:OutputPath="/Users/personberg/Code/zeta/benchmarks/Zeta.Benchmarks/bin/Release/net10.0/Zeta.Benchmarks-ShortRun-1/bin/Release/net10.0/" /p:PublishDir="/Users/personberg/Code/zeta/benchmarks/Zeta.Benchmarks/bin/Release/net10.0/Zeta.Benchmarks-ShortRun-1/publish/" in /Users/personberg/Code/zeta/benchmarks/Zeta.Benchmarks/bin/Release/net10.0/Zeta.Benchmarks-ShortRun-1
// command took 0.85 sec and exited with 0
// start dotnet  build -c Release --no-restore --nodeReuse:false /p:UseSharedCompilation=false /p:Deterministic=true /p:Optimize=true /p:ArtifactsPath="/Users/personberg/Code/zeta/benchmarks/Zeta.Benchmarks/bin/Release/net10.0/Zeta.Benchmarks-ShortRun-1/" /p:OutDir="/Users/personberg/Code/zeta/benchmarks/Zeta.Benchmarks/bin/Release/net10.0/Zeta.Benchmarks-ShortRun-1/bin/Release/net10.0/" /p:OutputPath="/Users/personberg/Code/zeta/benchmarks/Zeta.Benchmarks/bin/Release/net10.0/Zeta.Benchmarks-ShortRun-1/bin/Release/net10.0/" /p:PublishDir="/Users/personberg/Code/zeta/benchmarks/Zeta.Benchmarks/bin/Release/net10.0/Zeta.Benchmarks-ShortRun-1/publish/" --output "/Users/personberg/Code/zeta/benchmarks/Zeta.Benchmarks/bin/Release/net10.0/Zeta.Benchmarks-ShortRun-1/bin/Release/net10.0/" in /Users/personberg/Code/zeta/benchmarks/Zeta.Benchmarks/bin/Release/net10.0/Zeta.Benchmarks-ShortRun-1
// command took 4.87 sec and exited with 0
// ***** Done, took 00:00:05 (5.86 sec)   *****
// Found 3 benchmarks:
//   AllocationBenchmarks.ValidateStringWithMultipleRules: ShortRun(IterationCount=3, LaunchCount=1, WarmupCount=3)
//   AllocationBenchmarks.ValidateIntWithMinMax: ShortRun(IterationCount=3, LaunchCount=1, WarmupCount=3)
//   AllocationBenchmarks.ValidateStringWithManyRules: ShortRun(IterationCount=3, LaunchCount=1, WarmupCount=3)

// **************************
// Benchmark: AllocationBenchmarks.ValidateStringWithMultipleRules: ShortRun(IterationCount=3, LaunchCount=1, WarmupCount=3)
// *** Execute ***
// Launch: 1 / 1
// Execute: dotnet Zeta.Benchmarks-ShortRun-1.dll --anonymousPipes 131 132 --benchmarkName Zeta.Benchmarks.AllocationBenchmarks.ValidateStringWithMultipleRules --job ShortRun --benchmarkId 0 in /Users/personberg/Code/zeta/benchmarks/Zeta.Benchmarks/bin/Release/net10.0/Zeta.Benchmarks-ShortRun-1/bin/Release/net10.0
// Failed to set up high priority (Permission denied). In order to run benchmarks with high priority, make sure you have the right permissions.
// BeforeAnythingElse

// Benchmark Process Environment Information:
// BenchmarkDotNet v0.15.8
// Runtime=.NET 10.0.8 (10.0.8, 10.0.826.23019), Arm64 RyuJIT armv8.0-a
// GC=Concurrent Workstation
// HardwareIntrinsics=ArmBase+AdvSimd,AES,CRC32,DP,RDM,SHA1,SHA256 VectorSize=128
// Job: ShortRun(IterationCount=3, LaunchCount=1, WarmupCount=3)

OverheadJitting  1: 1 op, 108708.00 ns, 108.7080 us/op
WorkloadJitting  1: 1 op, 6498000.00 ns, 6.4980 ms/op

OverheadJitting  2: 16 op, 321250.00 ns, 20.0781 us/op
WorkloadJitting  2: 16 op, 277542.00 ns, 17.3464 us/op

WorkloadPilot    1: 16 op, 14416.00 ns, 901.0000 ns/op
WorkloadPilot    2: 32 op, 20541.00 ns, 641.9063 ns/op
WorkloadPilot    3: 64 op, 40042.00 ns, 625.6563 ns/op
WorkloadPilot    4: 128 op, 65209.00 ns, 509.4453 ns/op
WorkloadPilot    5: 256 op, 116208.00 ns, 453.9375 ns/op
WorkloadPilot    6: 512 op, 240542.00 ns, 469.8086 ns/op
WorkloadPilot    7: 1024 op, 470875.00 ns, 459.8389 ns/op
WorkloadPilot    8: 2048 op, 903458.00 ns, 441.1416 ns/op
WorkloadPilot    9: 4096 op, 1835500.00 ns, 448.1201 ns/op
WorkloadPilot   10: 8192 op, 3793292.00 ns, 463.0483 ns/op
WorkloadPilot   11: 16384 op, 7254916.00 ns, 442.8049 ns/op
WorkloadPilot   12: 32768 op, 14028625.00 ns, 428.1197 ns/op
WorkloadPilot   13: 65536 op, 28010250.00 ns, 427.4025 ns/op
WorkloadPilot   14: 131072 op, 56308375.00 ns, 429.5988 ns/op
WorkloadPilot   15: 262144 op, 58468834.00 ns, 223.0409 ns/op
WorkloadPilot   16: 524288 op, 52523500.00 ns, 100.1806 ns/op
WorkloadPilot   17: 1048576 op, 105471583.00 ns, 100.5855 ns/op
WorkloadPilot   18: 2097152 op, 212408542.00 ns, 101.2843 ns/op
WorkloadPilot   19: 4194304 op, 427165958.00 ns, 101.8443 ns/op
WorkloadPilot   20: 8388608 op, 843201792.00 ns, 100.5175 ns/op

OverheadWarmup   1: 8388608 op, 16576542.00 ns, 1.9761 ns/op
OverheadWarmup   2: 8388608 op, 16448000.00 ns, 1.9608 ns/op
OverheadWarmup   3: 8388608 op, 16485292.00 ns, 1.9652 ns/op
OverheadWarmup   4: 8388608 op, 16465708.00 ns, 1.9629 ns/op
OverheadWarmup   5: 8388608 op, 16474125.00 ns, 1.9639 ns/op
OverheadWarmup   6: 8388608 op, 16320250.00 ns, 1.9455 ns/op

OverheadActual   1: 8388608 op, 16504417.00 ns, 1.9675 ns/op
OverheadActual   2: 8388608 op, 16539209.00 ns, 1.9716 ns/op
OverheadActual   3: 8388608 op, 16611500.00 ns, 1.9802 ns/op
OverheadActual   4: 8388608 op, 16609167.00 ns, 1.9800 ns/op
OverheadActual   5: 8388608 op, 16501958.00 ns, 1.9672 ns/op
OverheadActual   6: 8388608 op, 16494625.00 ns, 1.9663 ns/op
OverheadActual   7: 8388608 op, 16497917.00 ns, 1.9667 ns/op
OverheadActual   8: 8388608 op, 16504959.00 ns, 1.9675 ns/op
OverheadActual   9: 8388608 op, 16529833.00 ns, 1.9705 ns/op
OverheadActual  10: 8388608 op, 16739666.00 ns, 1.9955 ns/op
OverheadActual  11: 8388608 op, 16216917.00 ns, 1.9332 ns/op
OverheadActual  12: 8388608 op, 16268333.00 ns, 1.9393 ns/op
OverheadActual  13: 8388608 op, 9593458.00 ns, 1.1436 ns/op
OverheadActual  14: 8388608 op, 8114084.00 ns, 0.9673 ns/op
OverheadActual  15: 8388608 op, 8098750.00 ns, 0.9654 ns/op
OverheadActual  16: 8388608 op, 8313292.00 ns, 0.9910 ns/op
OverheadActual  17: 8388608 op, 8241875.00 ns, 0.9825 ns/op
OverheadActual  18: 8388608 op, 8063958.00 ns, 0.9613 ns/op
OverheadActual  19: 8388608 op, 8068584.00 ns, 0.9619 ns/op
OverheadActual  20: 8388608 op, 8106542.00 ns, 0.9664 ns/op

WorkloadWarmup   1: 8388608 op, 841715208.00 ns, 100.3403 ns/op
WorkloadWarmup   2: 8388608 op, 842374833.00 ns, 100.4189 ns/op
WorkloadWarmup   3: 8388608 op, 843227375.00 ns, 100.5205 ns/op

// BeforeActualRun
WorkloadActual   1: 8388608 op, 846464292.00 ns, 100.9064 ns/op
WorkloadActual   2: 8388608 op, 842434959.00 ns, 100.4261 ns/op
WorkloadActual   3: 8388608 op, 844569750.00 ns, 100.6806 ns/op

// AfterActualRun
WorkloadResult   1: 8388608 op, 830082813.00 ns, 98.9536 ns/op
WorkloadResult   2: 8388608 op, 826053480.00 ns, 98.4732 ns/op
WorkloadResult   3: 8388608 op, 828188271.00 ns, 98.7277 ns/op
// GC:  0 0 0 0 8388608
// Threading:  0 0 8388608

// AfterAll
// Benchmark Process 81868 has exited with code 0.

Mean = 98.718 ns, StdErr = 0.139 ns (0.14%), N = 3, StdDev = 0.240 ns
Min = 98.473 ns, Q1 = 98.600 ns, Median = 98.728 ns, Q3 = 98.841 ns, Max = 98.954 ns
IQR = 0.240 ns, LowerFence = 98.240 ns, UpperFence = 99.201 ns
ConfidenceInterval = [94.334 ns; 103.102 ns] (CI 99.9%), Margin = 4.384 ns (4.44% of Mean)
Skewness = -0.04, Kurtosis = 0.67, MValue = 2

// ** Remained 6 (85.7%) benchmark(s) to run. Estimated finish 2026-07-02 21:19 (0h 0m from now) **
// **************************
// Benchmark: AllocationBenchmarks.ValidateIntWithMinMax: ShortRun(IterationCount=3, LaunchCount=1, WarmupCount=3)
// *** Execute ***
// Launch: 1 / 1
// Execute: dotnet Zeta.Benchmarks-ShortRun-1.dll --anonymousPipes 131 132 --benchmarkName Zeta.Benchmarks.AllocationBenchmarks.ValidateIntWithMinMax --job ShortRun --benchmarkId 1 in /Users/personberg/Code/zeta/benchmarks/Zeta.Benchmarks/bin/Release/net10.0/Zeta.Benchmarks-ShortRun-1/bin/Release/net10.0
// Failed to set up high priority (Permission denied). In order to run benchmarks with high priority, make sure you have the right permissions.
// BeforeAnythingElse

// Benchmark Process Environment Information:
// BenchmarkDotNet v0.15.8
// Runtime=.NET 10.0.8 (10.0.8, 10.0.826.23019), Arm64 RyuJIT armv8.0-a
// GC=Concurrent Workstation
// HardwareIntrinsics=ArmBase+AdvSimd,AES,CRC32,DP,RDM,SHA1,SHA256 VectorSize=128
// Job: ShortRun(IterationCount=3, LaunchCount=1, WarmupCount=3)

OverheadJitting  1: 1 op, 82500.00 ns, 82.5000 us/op
WorkloadJitting  1: 1 op, 2729459.00 ns, 2.7295 ms/op

OverheadJitting  2: 16 op, 260792.00 ns, 16.2995 us/op
WorkloadJitting  2: 16 op, 215084.00 ns, 13.4428 us/op

WorkloadPilot    1: 16 op, 8667.00 ns, 541.6875 ns/op
WorkloadPilot    2: 32 op, 12625.00 ns, 394.5313 ns/op
WorkloadPilot    3: 64 op, 24167.00 ns, 377.6094 ns/op
WorkloadPilot    4: 128 op, 40708.00 ns, 318.0313 ns/op
WorkloadPilot    5: 256 op, 71500.00 ns, 279.2969 ns/op
WorkloadPilot    6: 512 op, 135458.00 ns, 264.5664 ns/op
WorkloadPilot    7: 1024 op, 262708.00 ns, 256.5508 ns/op
WorkloadPilot    8: 2048 op, 515208.00 ns, 251.5664 ns/op
WorkloadPilot    9: 4096 op, 1080958.00 ns, 263.9058 ns/op
WorkloadPilot   10: 8192 op, 2282542.00 ns, 278.6306 ns/op
WorkloadPilot   11: 16384 op, 4389834.00 ns, 267.9342 ns/op
WorkloadPilot   12: 32768 op, 8777541.00 ns, 267.8693 ns/op
WorkloadPilot   13: 65536 op, 17169500.00 ns, 261.9858 ns/op
WorkloadPilot   14: 131072 op, 33736500.00 ns, 257.3891 ns/op
WorkloadPilot   15: 262144 op, 68495709.00 ns, 261.2904 ns/op
WorkloadPilot   16: 524288 op, 39011500.00 ns, 74.4085 ns/op
WorkloadPilot   17: 1048576 op, 41833541.00 ns, 39.8956 ns/op
WorkloadPilot   18: 2097152 op, 84154916.00 ns, 40.1282 ns/op
WorkloadPilot   19: 4194304 op, 169416291.00 ns, 40.3920 ns/op
WorkloadPilot   20: 8388608 op, 336404000.00 ns, 40.1025 ns/op
WorkloadPilot   21: 16777216 op, 674335166.00 ns, 40.1935 ns/op

OverheadWarmup   1: 16777216 op, 33052000.00 ns, 1.9701 ns/op
OverheadWarmup   2: 16777216 op, 33149208.00 ns, 1.9758 ns/op
OverheadWarmup   3: 16777216 op, 33306958.00 ns, 1.9852 ns/op
OverheadWarmup   4: 16777216 op, 34250541.00 ns, 2.0415 ns/op
OverheadWarmup   5: 16777216 op, 33842791.00 ns, 2.0172 ns/op
OverheadWarmup   6: 16777216 op, 33315417.00 ns, 1.9858 ns/op
OverheadWarmup   7: 16777216 op, 33412916.00 ns, 1.9916 ns/op
OverheadWarmup   8: 16777216 op, 33072208.00 ns, 1.9713 ns/op

OverheadActual   1: 16777216 op, 33044959.00 ns, 1.9696 ns/op
OverheadActual   2: 16777216 op, 33150000.00 ns, 1.9759 ns/op
OverheadActual   3: 16777216 op, 33156917.00 ns, 1.9763 ns/op
OverheadActual   4: 16777216 op, 33177750.00 ns, 1.9775 ns/op
OverheadActual   5: 16777216 op, 32783500.00 ns, 1.9540 ns/op
OverheadActual   6: 16777216 op, 33339000.00 ns, 1.9872 ns/op
OverheadActual   7: 16777216 op, 33181083.00 ns, 1.9777 ns/op
OverheadActual   8: 16777216 op, 18417792.00 ns, 1.0978 ns/op
OverheadActual   9: 16777216 op, 16703041.00 ns, 0.9956 ns/op
OverheadActual  10: 16777216 op, 16633125.00 ns, 0.9914 ns/op
OverheadActual  11: 16777216 op, 16603834.00 ns, 0.9897 ns/op
OverheadActual  12: 16777216 op, 16870959.00 ns, 1.0056 ns/op
OverheadActual  13: 16777216 op, 16916834.00 ns, 1.0083 ns/op
OverheadActual  14: 16777216 op, 16866500.00 ns, 1.0053 ns/op
OverheadActual  15: 16777216 op, 16585333.00 ns, 0.9886 ns/op
OverheadActual  16: 16777216 op, 16650708.00 ns, 0.9925 ns/op
OverheadActual  17: 16777216 op, 17186458.00 ns, 1.0244 ns/op
OverheadActual  18: 16777216 op, 16791250.00 ns, 1.0008 ns/op
OverheadActual  19: 16777216 op, 16729625.00 ns, 0.9972 ns/op
OverheadActual  20: 16777216 op, 16798500.00 ns, 1.0013 ns/op

WorkloadWarmup   1: 16777216 op, 675185167.00 ns, 40.2442 ns/op
WorkloadWarmup   2: 16777216 op, 676573583.00 ns, 40.3269 ns/op
WorkloadWarmup   3: 16777216 op, 674141000.00 ns, 40.1819 ns/op

// BeforeActualRun
WorkloadActual   1: 16777216 op, 672973084.00 ns, 40.1123 ns/op
WorkloadActual   2: 16777216 op, 672957500.00 ns, 40.1114 ns/op
WorkloadActual   3: 16777216 op, 676153459.00 ns, 40.3019 ns/op

// AfterActualRun
WorkloadResult   1: 16777216 op, 656079187.50 ns, 39.1054 ns/op
WorkloadResult   2: 16777216 op, 656063603.50 ns, 39.1044 ns/op
WorkloadResult   3: 16777216 op, 659259562.50 ns, 39.2949 ns/op
// GC:  64 0 0 536870912 16777216
// Threading:  0 0 16777216

// AfterAll
// Benchmark Process 82081 has exited with code 0.

Mean = 39.168 ns, StdErr = 0.063 ns (0.16%), N = 3, StdDev = 0.110 ns
Min = 39.104 ns, Q1 = 39.105 ns, Median = 39.105 ns, Q3 = 39.200 ns, Max = 39.295 ns
IQR = 0.095 ns, LowerFence = 38.962 ns, UpperFence = 39.343 ns
ConfidenceInterval = [37.167 ns; 41.170 ns] (CI 99.9%), Margin = 2.002 ns (5.11% of Mean)
Skewness = 0.38, Kurtosis = 0.67, MValue = 2

// ** Remained 5 (71.4%) benchmark(s) to run. Estimated finish 2026-07-02 21:19 (0h 0m from now) **
// **************************
// Benchmark: AllocationBenchmarks.ValidateStringWithManyRules: ShortRun(IterationCount=3, LaunchCount=1, WarmupCount=3)
// *** Execute ***
// Launch: 1 / 1
// Execute: dotnet Zeta.Benchmarks-ShortRun-1.dll --anonymousPipes 131 132 --benchmarkName Zeta.Benchmarks.AllocationBenchmarks.ValidateStringWithManyRules --job ShortRun --benchmarkId 2 in /Users/personberg/Code/zeta/benchmarks/Zeta.Benchmarks/bin/Release/net10.0/Zeta.Benchmarks-ShortRun-1/bin/Release/net10.0
// Failed to set up high priority (Permission denied). In order to run benchmarks with high priority, make sure you have the right permissions.
// BeforeAnythingElse

// Benchmark Process Environment Information:
// BenchmarkDotNet v0.15.8
// Runtime=.NET 10.0.8 (10.0.8, 10.0.826.23019), Arm64 RyuJIT armv8.0-a
// GC=Concurrent Workstation
// HardwareIntrinsics=ArmBase+AdvSimd,AES,CRC32,DP,RDM,SHA1,SHA256 VectorSize=128
// Job: ShortRun(IterationCount=3, LaunchCount=1, WarmupCount=3)

OverheadJitting  1: 1 op, 87875.00 ns, 87.8750 us/op
WorkloadJitting  1: 1 op, 6822583.00 ns, 6.8226 ms/op

OverheadJitting  2: 16 op, 222709.00 ns, 13.9193 us/op
WorkloadJitting  2: 16 op, 229166.00 ns, 14.3229 us/op

WorkloadPilot    1: 16 op, 16833.00 ns, 1.0521 us/op
WorkloadPilot    2: 32 op, 24625.00 ns, 769.5313 ns/op
WorkloadPilot    3: 64 op, 40333.00 ns, 630.2031 ns/op
WorkloadPilot    4: 128 op, 83125.00 ns, 649.4141 ns/op
WorkloadPilot    5: 256 op, 147417.00 ns, 575.8477 ns/op
WorkloadPilot    6: 512 op, 266041.00 ns, 519.6113 ns/op
WorkloadPilot    7: 1024 op, 555583.00 ns, 542.5615 ns/op
WorkloadPilot    8: 2048 op, 1147041.00 ns, 560.0786 ns/op
WorkloadPilot    9: 4096 op, 2238833.00 ns, 546.5901 ns/op
WorkloadPilot   10: 8192 op, 4498375.00 ns, 549.1180 ns/op
WorkloadPilot   11: 16384 op, 8808542.00 ns, 537.6307 ns/op
WorkloadPilot   12: 32768 op, 17097833.00 ns, 521.7845 ns/op
WorkloadPilot   13: 65536 op, 34648000.00 ns, 528.6865 ns/op
WorkloadPilot   14: 131072 op, 69144417.00 ns, 527.5300 ns/op
WorkloadPilot   15: 262144 op, 56734500.00 ns, 216.4249 ns/op
WorkloadPilot   16: 524288 op, 68286042.00 ns, 130.2453 ns/op
WorkloadPilot   17: 1048576 op, 137037958.00 ns, 130.6896 ns/op
WorkloadPilot   18: 2097152 op, 276064709.00 ns, 131.6379 ns/op
WorkloadPilot   19: 4194304 op, 548063917.00 ns, 130.6686 ns/op

OverheadWarmup   1: 4194304 op, 8258542.00 ns, 1.9690 ns/op
OverheadWarmup   2: 4194304 op, 8278542.00 ns, 1.9738 ns/op
OverheadWarmup   3: 4194304 op, 8204625.00 ns, 1.9561 ns/op
OverheadWarmup   4: 4194304 op, 8142666.00 ns, 1.9414 ns/op
OverheadWarmup   5: 4194304 op, 8192167.00 ns, 1.9532 ns/op
OverheadWarmup   6: 4194304 op, 8144708.00 ns, 1.9418 ns/op

OverheadActual   1: 4194304 op, 8143709.00 ns, 1.9416 ns/op
OverheadActual   2: 4194304 op, 8170292.00 ns, 1.9479 ns/op
OverheadActual   3: 4194304 op, 8138625.00 ns, 1.9404 ns/op
OverheadActual   4: 4194304 op, 8156792.00 ns, 1.9447 ns/op
OverheadActual   5: 4194304 op, 8081958.00 ns, 1.9269 ns/op
OverheadActual   6: 4194304 op, 8302875.00 ns, 1.9796 ns/op
OverheadActual   7: 4194304 op, 8277042.00 ns, 1.9734 ns/op
OverheadActual   8: 4194304 op, 8109375.00 ns, 1.9334 ns/op
OverheadActual   9: 4194304 op, 8208917.00 ns, 1.9572 ns/op
OverheadActual  10: 4194304 op, 8201583.00 ns, 1.9554 ns/op
OverheadActual  11: 4194304 op, 8190458.00 ns, 1.9528 ns/op
OverheadActual  12: 4194304 op, 8442875.00 ns, 2.0129 ns/op
OverheadActual  13: 4194304 op, 8306791.00 ns, 1.9805 ns/op
OverheadActual  14: 4194304 op, 8392458.00 ns, 2.0009 ns/op
OverheadActual  15: 4194304 op, 8250958.00 ns, 1.9672 ns/op

WorkloadWarmup   1: 4194304 op, 551049875.00 ns, 131.3805 ns/op
WorkloadWarmup   2: 4194304 op, 547734709.00 ns, 130.5901 ns/op
WorkloadWarmup   3: 4194304 op, 548392542.00 ns, 130.7470 ns/op

// BeforeActualRun
WorkloadActual   1: 4194304 op, 547957084.00 ns, 130.6431 ns/op
WorkloadActual   2: 4194304 op, 550649458.00 ns, 131.2851 ns/op
WorkloadActual   3: 4194304 op, 547537666.00 ns, 130.5432 ns/op

// AfterActualRun
WorkloadResult   1: 4194304 op, 539755501.00 ns, 128.6877 ns/op
WorkloadResult   2: 4194304 op, 542447875.00 ns, 129.3297 ns/op
WorkloadResult   3: 4194304 op, 539336083.00 ns, 128.5877 ns/op
// GC:  0 0 0 0 4194304
// Threading:  0 0 4194304

// AfterAll
// Benchmark Process 82237 has exited with code 0.

Mean = 128.868 ns, StdErr = 0.232 ns (0.18%), N = 3, StdDev = 0.403 ns
Min = 128.588 ns, Q1 = 128.638 ns, Median = 128.688 ns, Q3 = 129.009 ns, Max = 129.330 ns
IQR = 0.371 ns, LowerFence = 128.081 ns, UpperFence = 129.565 ns
ConfidenceInterval = [121.524 ns; 136.213 ns] (CI 99.9%), Margin = 7.345 ns (5.70% of Mean)
Skewness = 0.36, Kurtosis = 0.67, MValue = 2

// ** Remained 4 (57.1%) benchmark(s) to run. Estimated finish 2026-07-02 21:19 (0h 0m from now) **
// ***** BenchmarkRunner: Finish  *****

// * Export *
  BenchmarkDotNet.Artifacts/results/Zeta.Benchmarks.AllocationBenchmarks-report.csv
  BenchmarkDotNet.Artifacts/results/Zeta.Benchmarks.AllocationBenchmarks-report-github.md
  BenchmarkDotNet.Artifacts/results/Zeta.Benchmarks.AllocationBenchmarks-report.html

// * Detailed results *
AllocationBenchmarks.ValidateStringWithMultipleRules: ShortRun(IterationCount=3, LaunchCount=1, WarmupCount=3)
Runtime = .NET 10.0.8 (10.0.8, 10.0.826.23019), Arm64 RyuJIT armv8.0-a; GC = Concurrent Workstation
Mean = 98.718 ns, StdErr = 0.139 ns (0.14%), N = 3, StdDev = 0.240 ns
Min = 98.473 ns, Q1 = 98.600 ns, Median = 98.728 ns, Q3 = 98.841 ns, Max = 98.954 ns
IQR = 0.240 ns, LowerFence = 98.240 ns, UpperFence = 99.201 ns
ConfidenceInterval = [94.334 ns; 103.102 ns] (CI 99.9%), Margin = 4.384 ns (4.44% of Mean)
Skewness = -0.04, Kurtosis = 0.67, MValue = 2
-------------------- Histogram --------------------
[98.255 ns ; 99.172 ns) | @@@
---------------------------------------------------

AllocationBenchmarks.ValidateIntWithMinMax: ShortRun(IterationCount=3, LaunchCount=1, WarmupCount=3)
Runtime = .NET 10.0.8 (10.0.8, 10.0.826.23019), Arm64 RyuJIT armv8.0-a; GC = Concurrent Workstation
Mean = 39.168 ns, StdErr = 0.063 ns (0.16%), N = 3, StdDev = 0.110 ns
Min = 39.104 ns, Q1 = 39.105 ns, Median = 39.105 ns, Q3 = 39.200 ns, Max = 39.295 ns
IQR = 0.095 ns, LowerFence = 38.962 ns, UpperFence = 39.343 ns
ConfidenceInterval = [37.167 ns; 41.170 ns] (CI 99.9%), Margin = 2.002 ns (5.11% of Mean)
Skewness = 0.38, Kurtosis = 0.67, MValue = 2
-------------------- Histogram --------------------
[39.100 ns ; 39.300 ns) | @@@
---------------------------------------------------

AllocationBenchmarks.ValidateStringWithManyRules: ShortRun(IterationCount=3, LaunchCount=1, WarmupCount=3)
Runtime = .NET 10.0.8 (10.0.8, 10.0.826.23019), Arm64 RyuJIT armv8.0-a; GC = Concurrent Workstation
Mean = 128.868 ns, StdErr = 0.232 ns (0.18%), N = 3, StdDev = 0.403 ns
Min = 128.588 ns, Q1 = 128.638 ns, Median = 128.688 ns, Q3 = 129.009 ns, Max = 129.330 ns
IQR = 0.371 ns, LowerFence = 128.081 ns, UpperFence = 129.565 ns
ConfidenceInterval = [121.524 ns; 136.213 ns] (CI 99.9%), Margin = 7.345 ns (5.70% of Mean)
Skewness = 0.36, Kurtosis = 0.67, MValue = 2
-------------------- Histogram --------------------
[128.221 ns ; 129.696 ns) | @@@
---------------------------------------------------

// * Summary *

BenchmarkDotNet v0.15.8, macOS Tahoe 26.2 (25C56) [Darwin 25.2.0]
Apple M2 Pro, 1 CPU, 12 logical and 12 physical cores
.NET SDK 10.0.300
  [Host]   : .NET 10.0.8 (10.0.8, 10.0.826.23019), Arm64 RyuJIT armv8.0-a
  ShortRun : .NET 10.0.8 (10.0.8, 10.0.826.23019), Arm64 RyuJIT armv8.0-a

Job=ShortRun  IterationCount=3  LaunchCount=1  
WarmupCount=3  

| Method                          | Mean      | Error    | StdDev   | Gen0   | Allocated |
|-------------------------------- |----------:|---------:|---------:|-------:|----------:|
| ValidateStringWithMultipleRules |  98.72 ns | 4.384 ns | 0.240 ns |      - |         - |
| ValidateIntWithMinMax           |  39.17 ns | 2.002 ns | 0.110 ns | 0.0038 |      32 B |
| ValidateStringWithManyRules     | 128.87 ns | 7.345 ns | 0.403 ns |      - |         - |

// * Legends *
  Mean      : Arithmetic mean of all measurements
  Error     : Half of 99.9% confidence interval
  StdDev    : Standard deviation of all measurements
  Gen0      : GC Generation 0 collects per 1000 operations
  Allocated : Allocated memory per single operation (managed only, inclusive, 1KB = 1024B)
  1 ns      : 1 Nanosecond (0.000000001 sec)

// * Diagnostic Output - MemoryDiagnoser *


// ***** BenchmarkRunner: End *****
Run time: 00:00:20 (20.81 sec), executed benchmarks: 3

// Found 4 benchmarks:
//   ComplexValidationBenchmarks.Zeta_Valid: DefaultJob
//   ComplexValidationBenchmarks.FluentValidation_Valid: DefaultJob
//   ComplexValidationBenchmarks.Zeta_Invalid: DefaultJob
//   ComplexValidationBenchmarks.FluentValidation_Invalid: DefaultJob

// **************************
// Benchmark: ComplexValidationBenchmarks.Zeta_Valid: DefaultJob
// *** Execute ***
// Launch: 1 / 1
// Execute: dotnet Zeta.Benchmarks-ShortRun-1.dll --anonymousPipes 137 138 --benchmarkName Zeta.Benchmarks.ComplexValidationBenchmarks.Zeta_Valid --job Default --benchmarkId 3 in /Users/personberg/Code/zeta/benchmarks/Zeta.Benchmarks/bin/Release/net10.0/Zeta.Benchmarks-ShortRun-1/bin/Release/net10.0
// Failed to set up high priority (Permission denied). In order to run benchmarks with high priority, make sure you have the right permissions.
// BeforeAnythingElse

// Benchmark Process Environment Information:
// BenchmarkDotNet v0.15.8
// Runtime=.NET 10.0.8 (10.0.8, 10.0.826.23019), Arm64 RyuJIT armv8.0-a
// GC=Concurrent Workstation
// HardwareIntrinsics=ArmBase+AdvSimd,AES,CRC32,DP,RDM,SHA1,SHA256 VectorSize=128
// Job: DefaultJob

OverheadJitting  1: 1 op, 92250.00 ns, 92.2500 us/op
WorkloadJitting  1: 1 op, 12070833.00 ns, 12.0708 ms/op

OverheadJitting  2: 16 op, 242333.00 ns, 15.1458 us/op
WorkloadJitting  2: 16 op, 376458.00 ns, 23.5286 us/op

WorkloadPilot    1: 16 op, 151209.00 ns, 9.4506 us/op
WorkloadPilot    2: 32 op, 274000.00 ns, 8.5625 us/op
WorkloadPilot    3: 64 op, 532708.00 ns, 8.3236 us/op
WorkloadPilot    4: 128 op, 1033708.00 ns, 8.0758 us/op
WorkloadPilot    5: 256 op, 2132916.00 ns, 8.3317 us/op
WorkloadPilot    6: 512 op, 4442500.00 ns, 8.6768 us/op
WorkloadPilot    7: 1024 op, 8576416.00 ns, 8.3754 us/op
WorkloadPilot    8: 2048 op, 17269584.00 ns, 8.4324 us/op
WorkloadPilot    9: 4096 op, 43345417.00 ns, 10.5824 us/op
WorkloadPilot   10: 8192 op, 65536458.00 ns, 8.0001 us/op
WorkloadPilot   11: 16384 op, 36916334.00 ns, 2.2532 us/op
WorkloadPilot   12: 32768 op, 52316500.00 ns, 1.5966 us/op
WorkloadPilot   13: 65536 op, 104885708.00 ns, 1.6004 us/op
WorkloadPilot   14: 131072 op, 210975625.00 ns, 1.6096 us/op
WorkloadPilot   15: 262144 op, 421048083.00 ns, 1.6062 us/op
WorkloadPilot   16: 524288 op, 841390542.00 ns, 1.6048 us/op

OverheadWarmup   1: 524288 op, 1009083.00 ns, 1.9247 ns/op
OverheadWarmup   2: 524288 op, 1037375.00 ns, 1.9786 ns/op
OverheadWarmup   3: 524288 op, 1062041.00 ns, 2.0257 ns/op
OverheadWarmup   4: 524288 op, 1057541.00 ns, 2.0171 ns/op
OverheadWarmup   5: 524288 op, 1027209.00 ns, 1.9592 ns/op
OverheadWarmup   6: 524288 op, 1034417.00 ns, 1.9730 ns/op
OverheadWarmup   7: 524288 op, 1067750.00 ns, 2.0366 ns/op
OverheadWarmup   8: 524288 op, 1045666.00 ns, 1.9944 ns/op

OverheadActual   1: 524288 op, 1012333.00 ns, 1.9309 ns/op
OverheadActual   2: 524288 op, 1045959.00 ns, 1.9950 ns/op
OverheadActual   3: 524288 op, 1021208.00 ns, 1.9478 ns/op
OverheadActual   4: 524288 op, 1007958.00 ns, 1.9225 ns/op
OverheadActual   5: 524288 op, 1047917.00 ns, 1.9987 ns/op
OverheadActual   6: 524288 op, 1055542.00 ns, 2.0133 ns/op
OverheadActual   7: 524288 op, 1088417.00 ns, 2.0760 ns/op
OverheadActual   8: 524288 op, 1033833.00 ns, 1.9719 ns/op
OverheadActual   9: 524288 op, 1098583.00 ns, 2.0954 ns/op
OverheadActual  10: 524288 op, 1071584.00 ns, 2.0439 ns/op
OverheadActual  11: 524288 op, 1060417.00 ns, 2.0226 ns/op
OverheadActual  12: 524288 op, 1101917.00 ns, 2.1017 ns/op
OverheadActual  13: 524288 op, 1050208.00 ns, 2.0031 ns/op
OverheadActual  14: 524288 op, 1088625.00 ns, 2.0764 ns/op
OverheadActual  15: 524288 op, 1016375.00 ns, 1.9386 ns/op

WorkloadWarmup   1: 524288 op, 851199292.00 ns, 1.6235 us/op
WorkloadWarmup   2: 524288 op, 845544333.00 ns, 1.6127 us/op
WorkloadWarmup   3: 524288 op, 845077042.00 ns, 1.6119 us/op
WorkloadWarmup   4: 524288 op, 843321167.00 ns, 1.6085 us/op
WorkloadWarmup   5: 524288 op, 844160542.00 ns, 1.6101 us/op
WorkloadWarmup   6: 524288 op, 843513291.00 ns, 1.6089 us/op
WorkloadWarmup   7: 524288 op, 841520083.00 ns, 1.6051 us/op
WorkloadWarmup   8: 524288 op, 840455792.00 ns, 1.6030 us/op
WorkloadWarmup   9: 524288 op, 841373666.00 ns, 1.6048 us/op
WorkloadWarmup  10: 524288 op, 843670125.00 ns, 1.6092 us/op
WorkloadWarmup  11: 524288 op, 843056625.00 ns, 1.6080 us/op

// BeforeActualRun
WorkloadActual   1: 524288 op, 840750875.00 ns, 1.6036 us/op
WorkloadActual   2: 524288 op, 840985042.00 ns, 1.6041 us/op
WorkloadActual   3: 524288 op, 841316000.00 ns, 1.6047 us/op
WorkloadActual   4: 524288 op, 844947792.00 ns, 1.6116 us/op
WorkloadActual   5: 524288 op, 842808458.00 ns, 1.6075 us/op
WorkloadActual   6: 524288 op, 842832458.00 ns, 1.6076 us/op
WorkloadActual   7: 524288 op, 912413125.00 ns, 1.7403 us/op
WorkloadActual   8: 524288 op, 840322209.00 ns, 1.6028 us/op
WorkloadActual   9: 524288 op, 846838209.00 ns, 1.6152 us/op
WorkloadActual  10: 524288 op, 845312792.00 ns, 1.6123 us/op
WorkloadActual  11: 524288 op, 842684541.00 ns, 1.6073 us/op
WorkloadActual  12: 524288 op, 845101667.00 ns, 1.6119 us/op
WorkloadActual  13: 524288 op, 841141291.00 ns, 1.6043 us/op
WorkloadActual  14: 524288 op, 843165042.00 ns, 1.6082 us/op
WorkloadActual  15: 524288 op, 842260458.00 ns, 1.6065 us/op

// AfterActualRun
WorkloadResult   1: 524288 op, 839700667.00 ns, 1.6016 us/op
WorkloadResult   2: 524288 op, 839934834.00 ns, 1.6020 us/op
WorkloadResult   3: 524288 op, 840265792.00 ns, 1.6027 us/op
WorkloadResult   4: 524288 op, 843897584.00 ns, 1.6096 us/op
WorkloadResult   5: 524288 op, 841758250.00 ns, 1.6055 us/op
WorkloadResult   6: 524288 op, 841782250.00 ns, 1.6056 us/op
WorkloadResult   7: 524288 op, 839272001.00 ns, 1.6008 us/op
WorkloadResult   8: 524288 op, 845788001.00 ns, 1.6132 us/op
WorkloadResult   9: 524288 op, 844262584.00 ns, 1.6103 us/op
WorkloadResult  10: 524288 op, 841634333.00 ns, 1.6053 us/op
WorkloadResult  11: 524288 op, 844051459.00 ns, 1.6099 us/op
WorkloadResult  12: 524288 op, 840091083.00 ns, 1.6023 us/op
WorkloadResult  13: 524288 op, 842114834.00 ns, 1.6062 us/op
WorkloadResult  14: 524288 op, 841210250.00 ns, 1.6045 us/op
// GC:  59 0 0 499122208 524288
// Threading:  0 0 524288

// AfterAll
// Benchmark Process 82322 has exited with code 0.

Mean = 1.606 μs, StdErr = 0.001 μs (0.06%), N = 14, StdDev = 0.004 μs
Min = 1.601 μs, Q1 = 1.602 μs, Median = 1.605 μs, Q3 = 1.609 μs, Max = 1.613 μs
IQR = 0.006 μs, LowerFence = 1.593 μs, UpperFence = 1.618 μs
ConfidenceInterval = [1.601 μs; 1.610 μs] (CI 99.9%), Margin = 0.004 μs (0.27% of Mean)
Skewness = 0.47, Kurtosis = 1.88, MValue = 2

// ** Remained 3 (42.9%) benchmark(s) to run. Estimated finish 2026-07-02 21:19 (0h 0m from now) **
// **************************
// Benchmark: ComplexValidationBenchmarks.FluentValidation_Valid: DefaultJob
// *** Execute ***
// Launch: 1 / 1
// Execute: dotnet Zeta.Benchmarks-ShortRun-1.dll --anonymousPipes 139 140 --benchmarkName Zeta.Benchmarks.ComplexValidationBenchmarks.FluentValidation_Valid --job Default --benchmarkId 4 in /Users/personberg/Code/zeta/benchmarks/Zeta.Benchmarks/bin/Release/net10.0/Zeta.Benchmarks-ShortRun-1/bin/Release/net10.0
// Failed to set up high priority (Permission denied). In order to run benchmarks with high priority, make sure you have the right permissions.
// BeforeAnythingElse

// Benchmark Process Environment Information:
// BenchmarkDotNet v0.15.8
// Runtime=.NET 10.0.8 (10.0.8, 10.0.826.23019), Arm64 RyuJIT armv8.0-a
// GC=Concurrent Workstation
// HardwareIntrinsics=ArmBase+AdvSimd,AES,CRC32,DP,RDM,SHA1,SHA256 VectorSize=128
// Job: DefaultJob

OverheadJitting  1: 1 op, 87833.00 ns, 87.8330 us/op
WorkloadJitting  1: 1 op, 6946875.00 ns, 6.9469 ms/op

OverheadJitting  2: 16 op, 235208.00 ns, 14.7005 us/op
WorkloadJitting  2: 16 op, 366334.00 ns, 22.8959 us/op

WorkloadPilot    1: 16 op, 144458.00 ns, 9.0286 us/op
WorkloadPilot    2: 32 op, 298208.00 ns, 9.3190 us/op
WorkloadPilot    3: 64 op, 561458.00 ns, 8.7728 us/op
WorkloadPilot    4: 128 op, 1068084.00 ns, 8.3444 us/op
WorkloadPilot    5: 256 op, 2162916.00 ns, 8.4489 us/op
WorkloadPilot    6: 512 op, 4560167.00 ns, 8.9066 us/op
WorkloadPilot    7: 1024 op, 8825875.00 ns, 8.6190 us/op
WorkloadPilot    8: 2048 op, 17952834.00 ns, 8.7660 us/op
WorkloadPilot    9: 4096 op, 34046542.00 ns, 8.3121 us/op
WorkloadPilot   10: 8192 op, 79026208.00 ns, 9.6468 us/op
WorkloadPilot   11: 16384 op, 75388292.00 ns, 4.6013 us/op
WorkloadPilot   12: 32768 op, 60076000.00 ns, 1.8334 us/op
WorkloadPilot   13: 65536 op, 117854417.00 ns, 1.7983 us/op
WorkloadPilot   14: 131072 op, 233354166.00 ns, 1.7804 us/op
WorkloadPilot   15: 262144 op, 459269708.00 ns, 1.7520 us/op
WorkloadPilot   16: 524288 op, 942728166.00 ns, 1.7981 us/op

OverheadWarmup   1: 524288 op, 1025500.00 ns, 1.9560 ns/op
OverheadWarmup   2: 524288 op, 1031666.00 ns, 1.9677 ns/op
OverheadWarmup   3: 524288 op, 1008917.00 ns, 1.9244 ns/op
OverheadWarmup   4: 524288 op, 1012333.00 ns, 1.9309 ns/op
OverheadWarmup   5: 524288 op, 1068875.00 ns, 2.0387 ns/op
OverheadWarmup   6: 524288 op, 1010709.00 ns, 1.9278 ns/op

OverheadActual   1: 524288 op, 1023791.00 ns, 1.9527 ns/op
OverheadActual   2: 524288 op, 1034250.00 ns, 1.9727 ns/op
OverheadActual   3: 524288 op, 1052833.00 ns, 2.0081 ns/op
OverheadActual   4: 524288 op, 1035541.00 ns, 1.9751 ns/op
OverheadActual   5: 524288 op, 1017292.00 ns, 1.9403 ns/op
OverheadActual   6: 524288 op, 1050041.00 ns, 2.0028 ns/op
OverheadActual   7: 524288 op, 1017833.00 ns, 1.9414 ns/op
OverheadActual   8: 524288 op, 1095667.00 ns, 2.0898 ns/op
OverheadActual   9: 524288 op, 1064833.00 ns, 2.0310 ns/op
OverheadActual  10: 524288 op, 1060542.00 ns, 2.0228 ns/op
OverheadActual  11: 524288 op, 1022833.00 ns, 1.9509 ns/op
OverheadActual  12: 524288 op, 1007916.00 ns, 1.9224 ns/op
OverheadActual  13: 524288 op, 1036375.00 ns, 1.9767 ns/op
OverheadActual  14: 524288 op, 1039792.00 ns, 1.9832 ns/op
OverheadActual  15: 524288 op, 1064791.00 ns, 2.0309 ns/op

WorkloadWarmup   1: 524288 op, 927270083.00 ns, 1.7686 us/op
WorkloadWarmup   2: 524288 op, 945575833.00 ns, 1.8035 us/op
WorkloadWarmup   3: 524288 op, 927403792.00 ns, 1.7689 us/op
WorkloadWarmup   4: 524288 op, 923976333.00 ns, 1.7623 us/op
WorkloadWarmup   5: 524288 op, 938755834.00 ns, 1.7905 us/op
WorkloadWarmup   6: 524288 op, 936021167.00 ns, 1.7853 us/op

// BeforeActualRun
WorkloadActual   1: 524288 op, 939179209.00 ns, 1.7913 us/op
WorkloadActual   2: 524288 op, 934519041.00 ns, 1.7825 us/op
WorkloadActual   3: 524288 op, 925429750.00 ns, 1.7651 us/op
WorkloadActual   4: 524288 op, 940991791.00 ns, 1.7948 us/op
WorkloadActual   5: 524288 op, 942877958.00 ns, 1.7984 us/op
WorkloadActual   6: 524288 op, 917479541.00 ns, 1.7500 us/op
WorkloadActual   7: 524288 op, 935539000.00 ns, 1.7844 us/op
WorkloadActual   8: 524288 op, 936195625.00 ns, 1.7857 us/op
WorkloadActual   9: 524288 op, 934226167.00 ns, 1.7819 us/op
WorkloadActual  10: 524288 op, 930743208.00 ns, 1.7753 us/op
WorkloadActual  11: 524288 op, 951081750.00 ns, 1.8140 us/op
WorkloadActual  12: 524288 op, 918539125.00 ns, 1.7520 us/op
WorkloadActual  13: 524288 op, 945372375.00 ns, 1.8032 us/op
WorkloadActual  14: 524288 op, 920746709.00 ns, 1.7562 us/op
WorkloadActual  15: 524288 op, 921637500.00 ns, 1.7579 us/op

// AfterActualRun
WorkloadResult   1: 524288 op, 938142834.00 ns, 1.7894 us/op
WorkloadResult   2: 524288 op, 933482666.00 ns, 1.7805 us/op
WorkloadResult   3: 524288 op, 924393375.00 ns, 1.7631 us/op
WorkloadResult   4: 524288 op, 939955416.00 ns, 1.7928 us/op
WorkloadResult   5: 524288 op, 941841583.00 ns, 1.7964 us/op
WorkloadResult   6: 524288 op, 916443166.00 ns, 1.7480 us/op
WorkloadResult   7: 524288 op, 934502625.00 ns, 1.7824 us/op
WorkloadResult   8: 524288 op, 935159250.00 ns, 1.7837 us/op
WorkloadResult   9: 524288 op, 933189792.00 ns, 1.7799 us/op
WorkloadResult  10: 524288 op, 929706833.00 ns, 1.7733 us/op
WorkloadResult  11: 524288 op, 950045375.00 ns, 1.8121 us/op
WorkloadResult  12: 524288 op, 917502750.00 ns, 1.7500 us/op
WorkloadResult  13: 524288 op, 944336000.00 ns, 1.8012 us/op
WorkloadResult  14: 524288 op, 919710334.00 ns, 1.7542 us/op
WorkloadResult  15: 524288 op, 920601125.00 ns, 1.7559 us/op
// GC:  307 1 0 2571108352 524288
// Threading:  0 0 524288

// AfterAll
// Benchmark Process 82838 has exited with code 0.

Mean = 1.778 μs, StdErr = 0.005 μs (0.29%), N = 15, StdDev = 0.020 μs
Min = 1.748 μs, Q1 = 1.760 μs, Median = 1.780 μs, Q3 = 1.791 μs, Max = 1.812 μs
IQR = 0.032 μs, LowerFence = 1.712 μs, UpperFence = 1.838 μs
ConfidenceInterval = [1.756 μs; 1.799 μs] (CI 99.9%), Margin = 0.021 μs (1.18% of Mean)
Skewness = -0.05, Kurtosis = 1.7, MValue = 2

// ** Remained 2 (28.6%) benchmark(s) to run. Estimated finish 2026-07-02 21:19 (0h 0m from now) **
// **************************
// Benchmark: ComplexValidationBenchmarks.Zeta_Invalid: DefaultJob
// *** Execute ***
// Launch: 1 / 1
// Execute: dotnet Zeta.Benchmarks-ShortRun-1.dll --anonymousPipes 139 140 --benchmarkName Zeta.Benchmarks.ComplexValidationBenchmarks.Zeta_Invalid --job Default --benchmarkId 5 in /Users/personberg/Code/zeta/benchmarks/Zeta.Benchmarks/bin/Release/net10.0/Zeta.Benchmarks-ShortRun-1/bin/Release/net10.0
// Failed to set up high priority (Permission denied). In order to run benchmarks with high priority, make sure you have the right permissions.
// BeforeAnythingElse

// Benchmark Process Environment Information:
// BenchmarkDotNet v0.15.8
// Runtime=.NET 10.0.8 (10.0.8, 10.0.826.23019), Arm64 RyuJIT armv8.0-a
// GC=Concurrent Workstation
// HardwareIntrinsics=ArmBase+AdvSimd,AES,CRC32,DP,RDM,SHA1,SHA256 VectorSize=128
// Job: DefaultJob

OverheadJitting  1: 1 op, 85958.00 ns, 85.9580 us/op
WorkloadJitting  1: 1 op, 11687416.00 ns, 11.6874 ms/op

OverheadJitting  2: 16 op, 253084.00 ns, 15.8178 us/op
WorkloadJitting  2: 16 op, 433667.00 ns, 27.1042 us/op

WorkloadPilot    1: 16 op, 166541.00 ns, 10.4088 us/op
WorkloadPilot    2: 32 op, 326875.00 ns, 10.2148 us/op
WorkloadPilot    3: 64 op, 678542.00 ns, 10.6022 us/op
WorkloadPilot    4: 128 op, 1251791.00 ns, 9.7796 us/op
WorkloadPilot    5: 256 op, 2552458.00 ns, 9.9705 us/op
WorkloadPilot    6: 512 op, 5189708.00 ns, 10.1361 us/op
WorkloadPilot    7: 1024 op, 10512000.00 ns, 10.2656 us/op
WorkloadPilot    8: 2048 op, 20058458.00 ns, 9.7942 us/op
WorkloadPilot    9: 4096 op, 39579000.00 ns, 9.6628 us/op
WorkloadPilot   10: 8192 op, 83288833.00 ns, 10.1671 us/op
WorkloadPilot   11: 16384 op, 168148958.00 ns, 10.2630 us/op
WorkloadPilot   12: 32768 op, 113304959.00 ns, 3.4578 us/op
WorkloadPilot   13: 65536 op, 148966000.00 ns, 2.2730 us/op
WorkloadPilot   14: 131072 op, 299738250.00 ns, 2.2868 us/op
WorkloadPilot   15: 262144 op, 597717375.00 ns, 2.2801 us/op

OverheadWarmup   1: 262144 op, 551417.00 ns, 2.1035 ns/op
OverheadWarmup   2: 262144 op, 530833.00 ns, 2.0250 ns/op
OverheadWarmup   3: 262144 op, 536125.00 ns, 2.0452 ns/op
OverheadWarmup   4: 262144 op, 550417.00 ns, 2.0997 ns/op
OverheadWarmup   5: 262144 op, 546667.00 ns, 2.0854 ns/op
OverheadWarmup   6: 262144 op, 524417.00 ns, 2.0005 ns/op
OverheadWarmup   7: 262144 op, 561875.00 ns, 2.1434 ns/op
OverheadWarmup   8: 262144 op, 524875.00 ns, 2.0022 ns/op

OverheadActual   1: 262144 op, 523042.00 ns, 1.9952 ns/op
OverheadActual   2: 262144 op, 529583.00 ns, 2.0202 ns/op
OverheadActual   3: 262144 op, 539000.00 ns, 2.0561 ns/op
OverheadActual   4: 262144 op, 531750.00 ns, 2.0285 ns/op
OverheadActual   5: 262144 op, 557791.00 ns, 2.1278 ns/op
OverheadActual   6: 262144 op, 531125.00 ns, 2.0261 ns/op
OverheadActual   7: 262144 op, 517667.00 ns, 1.9747 ns/op
OverheadActual   8: 262144 op, 530166.00 ns, 2.0224 ns/op
OverheadActual   9: 262144 op, 506375.00 ns, 1.9317 ns/op
OverheadActual  10: 262144 op, 525625.00 ns, 2.0051 ns/op
OverheadActual  11: 262144 op, 578875.00 ns, 2.2082 ns/op
OverheadActual  12: 262144 op, 534458.00 ns, 2.0388 ns/op
OverheadActual  13: 262144 op, 535916.00 ns, 2.0444 ns/op
OverheadActual  14: 262144 op, 541000.00 ns, 2.0638 ns/op
OverheadActual  15: 262144 op, 536417.00 ns, 2.0463 ns/op

WorkloadWarmup   1: 262144 op, 601650959.00 ns, 2.2951 us/op
WorkloadWarmup   2: 262144 op, 600466250.00 ns, 2.2906 us/op
WorkloadWarmup   3: 262144 op, 591656125.00 ns, 2.2570 us/op
WorkloadWarmup   4: 262144 op, 602414292.00 ns, 2.2980 us/op
WorkloadWarmup   5: 262144 op, 601922792.00 ns, 2.2962 us/op
WorkloadWarmup   6: 262144 op, 599340166.00 ns, 2.2863 us/op
WorkloadWarmup   7: 262144 op, 605688166.00 ns, 2.3105 us/op
WorkloadWarmup   8: 262144 op, 619503625.00 ns, 2.3632 us/op
WorkloadWarmup   9: 262144 op, 593027500.00 ns, 2.2622 us/op

// BeforeActualRun
WorkloadActual   1: 262144 op, 599179333.00 ns, 2.2857 us/op
WorkloadActual   2: 262144 op, 586990708.00 ns, 2.2392 us/op
WorkloadActual   3: 262144 op, 603448375.00 ns, 2.3020 us/op
WorkloadActual   4: 262144 op, 599879000.00 ns, 2.2884 us/op
WorkloadActual   5: 262144 op, 598934542.00 ns, 2.2848 us/op
WorkloadActual   6: 262144 op, 627290458.00 ns, 2.3929 us/op
WorkloadActual   7: 262144 op, 586437375.00 ns, 2.2371 us/op
WorkloadActual   8: 262144 op, 626838459.00 ns, 2.3912 us/op
WorkloadActual   9: 262144 op, 606666708.00 ns, 2.3142 us/op
WorkloadActual  10: 262144 op, 609233583.00 ns, 2.3240 us/op
WorkloadActual  11: 262144 op, 604302334.00 ns, 2.3052 us/op
WorkloadActual  12: 262144 op, 598860000.00 ns, 2.2845 us/op
WorkloadActual  13: 262144 op, 597653667.00 ns, 2.2799 us/op
WorkloadActual  14: 262144 op, 601590917.00 ns, 2.2949 us/op
WorkloadActual  15: 262144 op, 583818500.00 ns, 2.2271 us/op

// AfterActualRun
WorkloadResult   1: 262144 op, 598647583.00 ns, 2.2837 us/op
WorkloadResult   2: 262144 op, 586458958.00 ns, 2.2372 us/op
WorkloadResult   3: 262144 op, 602916625.00 ns, 2.2999 us/op
WorkloadResult   4: 262144 op, 599347250.00 ns, 2.2863 us/op
WorkloadResult   5: 262144 op, 598402792.00 ns, 2.2827 us/op
WorkloadResult   6: 262144 op, 585905625.00 ns, 2.2351 us/op
WorkloadResult   7: 262144 op, 606134958.00 ns, 2.3122 us/op
WorkloadResult   8: 262144 op, 608701833.00 ns, 2.3220 us/op
WorkloadResult   9: 262144 op, 603770584.00 ns, 2.3032 us/op
WorkloadResult  10: 262144 op, 598328250.00 ns, 2.2824 us/op
WorkloadResult  11: 262144 op, 597121917.00 ns, 2.2778 us/op
WorkloadResult  12: 262144 op, 601059167.00 ns, 2.2929 us/op
WorkloadResult  13: 262144 op, 583286750.00 ns, 2.2251 us/op
// GC:  214 1 0 1797259264 262144
// Threading:  0 0 262144

// AfterAll
// Benchmark Process 83269 has exited with code 0.

Mean = 2.280 μs, StdErr = 0.008 μs (0.37%), N = 13, StdDev = 0.030 μs
Min = 2.225 μs, Q1 = 2.278 μs, Median = 2.284 μs, Q3 = 2.300 μs, Max = 2.322 μs
IQR = 0.022 μs, LowerFence = 2.245 μs, UpperFence = 2.333 μs
ConfidenceInterval = [2.244 μs; 2.316 μs] (CI 99.9%), Margin = 0.036 μs (1.58% of Mean)
Skewness = -0.58, Kurtosis = 2, MValue = 2

// ** Remained 1 (14.3%) benchmark(s) to run. Estimated finish 2026-07-02 21:19 (0h 0m from now) **
// **************************
// Benchmark: ComplexValidationBenchmarks.FluentValidation_Invalid: DefaultJob
// *** Execute ***
// Launch: 1 / 1
// Execute: dotnet Zeta.Benchmarks-ShortRun-1.dll --anonymousPipes 139 140 --benchmarkName Zeta.Benchmarks.ComplexValidationBenchmarks.FluentValidation_Invalid --job Default --benchmarkId 6 in /Users/personberg/Code/zeta/benchmarks/Zeta.Benchmarks/bin/Release/net10.0/Zeta.Benchmarks-ShortRun-1/bin/Release/net10.0
// Failed to set up high priority (Permission denied). In order to run benchmarks with high priority, make sure you have the right permissions.
// BeforeAnythingElse

// Benchmark Process Environment Information:
// BenchmarkDotNet v0.15.8
// Runtime=.NET 10.0.8 (10.0.8, 10.0.826.23019), Arm64 RyuJIT armv8.0-a
// GC=Concurrent Workstation
// HardwareIntrinsics=ArmBase+AdvSimd,AES,CRC32,DP,RDM,SHA1,SHA256 VectorSize=128
// Job: DefaultJob

OverheadJitting  1: 1 op, 107459.00 ns, 107.4590 us/op
WorkloadJitting  1: 1 op, 12212542.00 ns, 12.2125 ms/op

OverheadJitting  2: 16 op, 236541.00 ns, 14.7838 us/op
WorkloadJitting  2: 16 op, 579625.00 ns, 36.2266 us/op

WorkloadPilot    1: 16 op, 302792.00 ns, 18.9245 us/op
WorkloadPilot    2: 32 op, 590666.00 ns, 18.4583 us/op
WorkloadPilot    3: 64 op, 1328959.00 ns, 20.7650 us/op
WorkloadPilot    4: 128 op, 2486541.00 ns, 19.4261 us/op
WorkloadPilot    5: 256 op, 5086125.00 ns, 19.8677 us/op
WorkloadPilot    6: 512 op, 10365458.00 ns, 20.2450 us/op
WorkloadPilot    7: 1024 op, 21007125.00 ns, 20.5148 us/op
WorkloadPilot    8: 2048 op, 38511792.00 ns, 18.8046 us/op
WorkloadPilot    9: 4096 op, 96841334.00 ns, 23.6429 us/op
WorkloadPilot   10: 8192 op, 82154791.00 ns, 10.0287 us/op
WorkloadPilot   11: 16384 op, 100908625.00 ns, 6.1590 us/op
WorkloadPilot   12: 32768 op, 190423000.00 ns, 5.8112 us/op
WorkloadPilot   13: 65536 op, 381258458.00 ns, 5.8175 us/op
WorkloadPilot   14: 131072 op, 751392750.00 ns, 5.7327 us/op

OverheadWarmup   1: 131072 op, 258417.00 ns, 1.9716 ns/op
OverheadWarmup   2: 131072 op, 261458.00 ns, 1.9948 ns/op
OverheadWarmup   3: 131072 op, 254292.00 ns, 1.9401 ns/op
OverheadWarmup   4: 131072 op, 261375.00 ns, 1.9941 ns/op
OverheadWarmup   5: 131072 op, 279042.00 ns, 2.1289 ns/op
OverheadWarmup   6: 131072 op, 277666.00 ns, 2.1184 ns/op

OverheadActual   1: 131072 op, 264584.00 ns, 2.0186 ns/op
OverheadActual   2: 131072 op, 263000.00 ns, 2.0065 ns/op
OverheadActual   3: 131072 op, 259666.00 ns, 1.9811 ns/op
OverheadActual   4: 131072 op, 258583.00 ns, 1.9728 ns/op
OverheadActual   5: 131072 op, 271125.00 ns, 2.0685 ns/op
OverheadActual   6: 131072 op, 271625.00 ns, 2.0723 ns/op
OverheadActual   7: 131072 op, 256958.00 ns, 1.9604 ns/op
OverheadActual   8: 131072 op, 260834.00 ns, 1.9900 ns/op
OverheadActual   9: 131072 op, 257750.00 ns, 1.9665 ns/op
OverheadActual  10: 131072 op, 251292.00 ns, 1.9172 ns/op
OverheadActual  11: 131072 op, 251500.00 ns, 1.9188 ns/op
OverheadActual  12: 131072 op, 261417.00 ns, 1.9945 ns/op
OverheadActual  13: 131072 op, 251958.00 ns, 1.9223 ns/op
OverheadActual  14: 131072 op, 252166.00 ns, 1.9239 ns/op
OverheadActual  15: 131072 op, 268208.00 ns, 2.0463 ns/op

WorkloadWarmup   1: 131072 op, 766311042.00 ns, 5.8465 us/op
WorkloadWarmup   2: 131072 op, 760127917.00 ns, 5.7993 us/op
WorkloadWarmup   3: 131072 op, 755899708.00 ns, 5.7671 us/op
WorkloadWarmup   4: 131072 op, 756997084.00 ns, 5.7754 us/op
WorkloadWarmup   5: 131072 op, 756742250.00 ns, 5.7735 us/op
WorkloadWarmup   6: 131072 op, 756255500.00 ns, 5.7698 us/op
WorkloadWarmup   7: 131072 op, 763639959.00 ns, 5.8261 us/op
WorkloadWarmup   8: 131072 op, 757932958.00 ns, 5.7826 us/op

// BeforeActualRun
WorkloadActual   1: 131072 op, 757379916.00 ns, 5.7784 us/op
WorkloadActual   2: 131072 op, 756042416.00 ns, 5.7681 us/op
WorkloadActual   3: 131072 op, 761430083.00 ns, 5.8093 us/op
WorkloadActual   4: 131072 op, 757947250.00 ns, 5.7827 us/op
WorkloadActual   5: 131072 op, 758718375.00 ns, 5.7886 us/op
WorkloadActual   6: 131072 op, 765415708.00 ns, 5.8397 us/op
WorkloadActual   7: 131072 op, 764304083.00 ns, 5.8312 us/op
WorkloadActual   8: 131072 op, 759657542.00 ns, 5.7957 us/op
WorkloadActual   9: 131072 op, 765601583.00 ns, 5.8411 us/op
WorkloadActual  10: 131072 op, 765285917.00 ns, 5.8387 us/op
WorkloadActual  11: 131072 op, 773489750.00 ns, 5.9013 us/op
WorkloadActual  12: 131072 op, 763567042.00 ns, 5.8256 us/op
WorkloadActual  13: 131072 op, 753934042.00 ns, 5.7521 us/op
WorkloadActual  14: 131072 op, 758087292.00 ns, 5.7837 us/op
WorkloadActual  15: 131072 op, 758619458.00 ns, 5.7878 us/op

// AfterActualRun
WorkloadResult   1: 131072 op, 757120250.00 ns, 5.7764 us/op
WorkloadResult   2: 131072 op, 755782750.00 ns, 5.7662 us/op
WorkloadResult   3: 131072 op, 761170417.00 ns, 5.8073 us/op
WorkloadResult   4: 131072 op, 757687584.00 ns, 5.7807 us/op
WorkloadResult   5: 131072 op, 758458709.00 ns, 5.7866 us/op
WorkloadResult   6: 131072 op, 765156042.00 ns, 5.8377 us/op
WorkloadResult   7: 131072 op, 764044417.00 ns, 5.8292 us/op
WorkloadResult   8: 131072 op, 759397876.00 ns, 5.7937 us/op
WorkloadResult   9: 131072 op, 765341917.00 ns, 5.8391 us/op
WorkloadResult  10: 131072 op, 765026251.00 ns, 5.8367 us/op
WorkloadResult  11: 131072 op, 773230084.00 ns, 5.8993 us/op
WorkloadResult  12: 131072 op, 763307376.00 ns, 5.8236 us/op
WorkloadResult  13: 131072 op, 753674376.00 ns, 5.7501 us/op
WorkloadResult  14: 131072 op, 757827626.00 ns, 5.7818 us/op
WorkloadResult  15: 131072 op, 758359792.00 ns, 5.7858 us/op
// GC:  284 7 0 2377121792 131072
// Threading:  0 0 131072

// AfterAll
// Benchmark Process 83584 has exited with code 0.

Mean = 5.806 μs, StdErr = 0.010 μs (0.17%), N = 15, StdDev = 0.038 μs
Min = 5.750 μs, Q1 = 5.781 μs, Median = 5.794 μs, Q3 = 5.833 μs, Max = 5.899 μs
IQR = 0.052 μs, LowerFence = 5.704 μs, UpperFence = 5.911 μs
ConfidenceInterval = [5.766 μs; 5.847 μs] (CI 99.9%), Margin = 0.041 μs (0.70% of Mean)
Skewness = 0.72, Kurtosis = 2.93, MValue = 2

// ** Remained 0 (0.0%) benchmark(s) to run. Estimated finish 2026-07-02 21:20 (0h 0m from now) **
// ***** BenchmarkRunner: Finish  *****

// * Export *
  BenchmarkDotNet.Artifacts/results/Zeta.Benchmarks.ComplexValidationBenchmarks-report.csv
  BenchmarkDotNet.Artifacts/results/Zeta.Benchmarks.ComplexValidationBenchmarks-report-github.md
  BenchmarkDotNet.Artifacts/results/Zeta.Benchmarks.ComplexValidationBenchmarks-report.html

// * Detailed results *
ComplexValidationBenchmarks.Zeta_Valid: DefaultJob
Runtime = .NET 10.0.8 (10.0.8, 10.0.826.23019), Arm64 RyuJIT armv8.0-a; GC = Concurrent Workstation
Mean = 1.606 μs, StdErr = 0.001 μs (0.06%), N = 14, StdDev = 0.004 μs
Min = 1.601 μs, Q1 = 1.602 μs, Median = 1.605 μs, Q3 = 1.609 μs, Max = 1.613 μs
IQR = 0.006 μs, LowerFence = 1.593 μs, UpperFence = 1.618 μs
ConfidenceInterval = [1.601 μs; 1.610 μs] (CI 99.9%), Margin = 0.004 μs (0.27% of Mean)
Skewness = 0.47, Kurtosis = 1.88, MValue = 2
-------------------- Histogram --------------------
[1.599 μs ; 1.615 μs) | @@@@@@@@@@@@@@
---------------------------------------------------

ComplexValidationBenchmarks.FluentValidation_Valid: DefaultJob
Runtime = .NET 10.0.8 (10.0.8, 10.0.826.23019), Arm64 RyuJIT armv8.0-a; GC = Concurrent Workstation
Mean = 1.778 μs, StdErr = 0.005 μs (0.29%), N = 15, StdDev = 0.020 μs
Min = 1.748 μs, Q1 = 1.760 μs, Median = 1.780 μs, Q3 = 1.791 μs, Max = 1.812 μs
IQR = 0.032 μs, LowerFence = 1.712 μs, UpperFence = 1.838 μs
ConfidenceInterval = [1.756 μs; 1.799 μs] (CI 99.9%), Margin = 0.021 μs (1.18% of Mean)
Skewness = -0.05, Kurtosis = 1.7, MValue = 2
-------------------- Histogram --------------------
[1.737 μs ; 1.823 μs) | @@@@@@@@@@@@@@@
---------------------------------------------------

ComplexValidationBenchmarks.Zeta_Invalid: DefaultJob
Runtime = .NET 10.0.8 (10.0.8, 10.0.826.23019), Arm64 RyuJIT armv8.0-a; GC = Concurrent Workstation
Mean = 2.280 μs, StdErr = 0.008 μs (0.37%), N = 13, StdDev = 0.030 μs
Min = 2.225 μs, Q1 = 2.278 μs, Median = 2.284 μs, Q3 = 2.300 μs, Max = 2.322 μs
IQR = 0.022 μs, LowerFence = 2.245 μs, UpperFence = 2.333 μs
ConfidenceInterval = [2.244 μs; 2.316 μs] (CI 99.9%), Margin = 0.036 μs (1.58% of Mean)
Skewness = -0.58, Kurtosis = 2, MValue = 2
-------------------- Histogram --------------------
[2.208 μs ; 2.268 μs) | @@@
[2.268 μs ; 2.339 μs) | @@@@@@@@@@
---------------------------------------------------

ComplexValidationBenchmarks.FluentValidation_Invalid: DefaultJob
Runtime = .NET 10.0.8 (10.0.8, 10.0.826.23019), Arm64 RyuJIT armv8.0-a; GC = Concurrent Workstation
Mean = 5.806 μs, StdErr = 0.010 μs (0.17%), N = 15, StdDev = 0.038 μs
Min = 5.750 μs, Q1 = 5.781 μs, Median = 5.794 μs, Q3 = 5.833 μs, Max = 5.899 μs
IQR = 0.052 μs, LowerFence = 5.704 μs, UpperFence = 5.911 μs
ConfidenceInterval = [5.766 μs; 5.847 μs] (CI 99.9%), Margin = 0.041 μs (0.70% of Mean)
Skewness = 0.72, Kurtosis = 2.93, MValue = 2
-------------------- Histogram --------------------
[5.730 μs ; 5.920 μs) | @@@@@@@@@@@@@@@
---------------------------------------------------

// * Summary *

BenchmarkDotNet v0.15.8, macOS Tahoe 26.2 (25C56) [Darwin 25.2.0]
Apple M2 Pro, 1 CPU, 12 logical and 12 physical cores
.NET SDK 10.0.300
  [Host]     : .NET 10.0.8 (10.0.8, 10.0.826.23019), Arm64 RyuJIT armv8.0-a
  DefaultJob : .NET 10.0.8 (10.0.8, 10.0.826.23019), Arm64 RyuJIT armv8.0-a


| Method                   | Mean     | Error     | StdDev    | Ratio | RatioSD | Rank | Gen0   | Gen1   | Allocated | Alloc Ratio |
|------------------------- |---------:|----------:|----------:|------:|--------:|-----:|-------:|-------:|----------:|------------:|
| Zeta_Valid               | 1.606 μs | 0.0043 μs | 0.0038 μs |  1.00 |    0.00 |    1 | 0.1125 |      - |     952 B |        1.00 |
| FluentValidation_Valid   | 1.778 μs | 0.0210 μs | 0.0197 μs |  1.11 |    0.01 |    2 | 0.5856 | 0.0019 |    4904 B |        5.15 |
| Zeta_Invalid             | 2.280 μs | 0.0360 μs | 0.0301 μs |  1.42 |    0.02 |    3 | 0.8163 | 0.0038 |    6856 B |        7.20 |
| FluentValidation_Invalid | 5.806 μs | 0.0408 μs | 0.0381 μs |  3.62 |    0.02 |    4 | 2.1667 | 0.0534 |   18136 B |       19.05 |

// * Hints *
Outliers
  ComplexValidationBenchmarks.Zeta_Valid: Default   -> 1 outlier  was  removed (1.74 μs)
  ComplexValidationBenchmarks.Zeta_Invalid: Default -> 2 outliers were removed, 5 outliers were detected (2.23 μs..2.24 μs, 2.39 μs, 2.39 μs)

// * Legends *
  Mean        : Arithmetic mean of all measurements
  Error       : Half of 99.9% confidence interval
  StdDev      : Standard deviation of all measurements
  Ratio       : Mean of the ratio distribution ([Current]/[Baseline])
  RatioSD     : Standard deviation of the ratio distribution ([Current]/[Baseline])
  Rank        : Relative position of current benchmark mean among all benchmarks (Arabic style)
  Gen0        : GC Generation 0 collects per 1000 operations
  Gen1        : GC Generation 1 collects per 1000 operations
  Allocated   : Allocated memory per single operation (managed only, inclusive, 1KB = 1024B)
  Alloc Ratio : Allocated memory ratio distribution ([Current]/[Baseline])
  1 μs        : 1 Microsecond (0.000001 sec)

// * Diagnostic Output - MemoryDiagnoser *


// ***** BenchmarkRunner: End *****
Run time: 00:01:24 (84.67 sec), executed benchmarks: 4

Global total time: 00:01:51 (111.59 sec), executed benchmarks: 7
// * Artifacts cleanup *
Artifacts cleanup is finished
